[19:54:49.031] [INFO] storybook v10.2.1
[19:54:49.415] [DEBUG] Getting package.json info for /home/runner/work/Angular-Vitest-Storybook/Angular-Vitest-Storybook/package.json...
[19:54:49.428] [WARN] Could not resolve addon "@storybook/addon-links", skipping. Is it installed?
[19:54:49.433] [WARN] Could not resolve addon "@storybook/addon-controls", skipping. Is it installed?
[19:54:49.437] [WARN] Could not resolve addon "@storybook/addon-actions", skipping. Is it installed?
[19:54:50.133] [WARN] Could not resolve addon "@storybook/addon-links", skipping. Is it installed?
[19:54:50.135] [WARN] Could not resolve addon "@storybook/addon-controls", skipping. Is it installed?
[19:54:50.136] [WARN] Could not resolve addon "@storybook/addon-actions", skipping. Is it installed?
[19:54:50.305] [INFO] Starting...
[19:54:50.437] [DEBUG] Starting preview..
[19:54:50.447] [INFO] Using implicit CSS loaders
[19:54:50.450] [ERROR] Failed to build the preview
[19:54:50.452] [ERROR] [38;2;241;97;97mSB_FRAMEWORK_ANGULAR_0001 (AngularLegacyBuildOptionsError): Your Storybook startup script uses a solution that is not supported anymore.
You must use Angular builder to have an explicit configuration on the project used in angular.json.

Please run 'npx storybook automigrate' to automatically fix your config.

More info: 
	- https://github.com/storybookjs/storybook/blob/next/MIGRATION.md#angular-drop-support-for-calling-storybook-directly
	- https://github.com/storybookjs/storybook/tree/next/code/frameworks/angular#how-do-i-migrate-to-an-angular-storybook-builder
[39m
    at checkForLegacyBuildOptions (file://./node_modules/@storybook/angular/dist/server/framework-preset-angular-cli.js:310:11)
    at Object.webpackFinal (file://./node_modules/@storybook/angular/dist/server/framework-preset-angular-cli.js:244:3)
    at file://./node_modules/storybook/dist/_node-chunks/chunk-R3KAQRS5.js:10114:36
[19:54:50.458] [WARN] Broken build, fix the error above.
You may need to refresh the browser.
[19:54:50.461] [WARN] Could not resolve addon "@storybook/addon-links", skipping. Is it installed?
[19:54:50.461] [WARN] Could not resolve addon "@storybook/addon-controls", skipping. Is it installed?
[19:54:50.462] [WARN] Could not resolve addon "@storybook/addon-actions", skipping. Is it installed?
[19:54:50.463] [INFO] Storybook collects completely anonymous usage telemetry. We use it to shape Storybook's roadmap and prioritize features. You can learn more, including how to opt out, at https://storybook.js.org/telemetry